<?xml version="1.0" encoding="UTF-8" standalone="no"?>
<!DOCTYPE properties SYSTEM "http://www.frankdopatka.de/dtd/propertiesarray.dtd">
<propertiesarray>
<properties>
<entry key="x">10</entry>
<entry key="idZielkarte">0</entry>
<entry key="kartenArt">Planet</entry>
<entry key="klasse">D_Karte</entry>
<entry key="y">10</entry>
<entry key="id">1</entry>
</properties>
<properties>
<entry key="id">0</entry>
<entry key="feldArt">Meer</entry>
<entry key="bewegungspunkte">100</entry>
<entry key="y">1</entry>
<entry key="klasse">D_Feld</entry>
<entry key="ressource"/>
<entry key="idKarte">1</entry>
<entry key="x">1</entry>
<entry key="spielerstart">0</entry>
<entry key="istWasserfeld">true</entry>
</properties>
<properties>
<entry key="id">0</entry>
<entry key="feldArt">Meer</entry>
<entry key="bewegungspunkte">100</entry>
<entry key="y">2</entry>
<entry key="klasse">D_Feld</entry>
<entry key="ressource"/>
<entry key="idKarte">1</entry>
<entry key="x">1</entry>
<entry key="spielerstart">0</entry>
<entry key="istWasserfeld">true</entry>
</properties>
<properties>
<entry key="id">0</entry>
<entry key="feldArt">Meer</entry>
<entry key="bewegungspunkte">100</entry>
<entry key="y">3</entry>
<entry key="klasse">D_Feld</entry>
<entry key="ressource"/>
<entry key="idKarte">1</entry>
<entry key="x">1</entry>
<entry key="spielerstart">0</entry>
<entry key="istWasserfeld">true</entry>
</properties>
<properties>
<entry key="id">0</entry>
<entry key="feldArt">Meer</entry>
<entry key="bewegungspunkte">100</entry>
<entry key="y">4</entry>
<entry key="klasse">D_Feld</entry>
<entry key="ressource"/>
<entry key="idKarte">1</entry>
<entry key="x">1</entry>
<entry key="spielerstart">0</entry>
<entry key="istWasserfeld">true</entry>
</properties>
<properties>
<entry key="id">0</entry>
<entry key="feldArt">Meer</entry>
<entry key="bewegungspunkte">100</entry>
<entry key="y">5</entry>
<entry key="klasse">D_Feld</entry>
<entry key="ressource"/>
<entry key="idKarte">1</entry>
<entry key="x">1</entry>
<entry key="spielerstart">0</entry>
<entry key="istWasserfeld">true</entry>
</properties>
<properties>
<entry key="id">0</entry>
<entry key="feldArt">Meer</entry>
<entry key="bewegungspunkte">100</entry>
<entry key="y">6</entry>
<entry key="klasse">D_Feld</entry>
<entry key="ressource"/>
<entry key="idKarte">1</entry>
<entry key="x">1</entry>
<entry key="spielerstart">0</entry>
<entry key="istWasserfeld">true</entry>
</properties>
<properties>
<entry key="id">0</entry>
<entry key="feldArt">Wiese</entry>
<entry key="bewegungspunkte">50</entry>
<entry key="y">7</entry>
<entry key="klasse">D_Feld</entry>
<entry key="ressource"/>
<entry key="idKarte">1</entry>
<entry key="x">1</entry>
<entry key="spielerstart">0</entry>
<entry key="istWasserfeld">false</entry>
</properties>
<properties>
<entry key="id">0</entry>
<entry key="feldArt">Wiese</entry>
<entry key="bewegungspunkte">50</entry>
<entry key="y">8</entry>
<entry key="klasse">D_Feld</entry>
<entry key="ressource"/>
<entry key="idKarte">1</entry>
<entry key="x">1</entry>
<entry key="spielerstart">0</entry>
<entry key="istWasserfeld">false</entry>
</properties>
<properties>
<entry key="id">0</entry>
<entry key="feldArt">Wiese</entry>
<entry key="bewegungspunkte">50</entry>
<entry key="y">9</entry>
<entry key="klasse">D_Feld</entry>
<entry key="ressource"/>
<entry key="idKarte">1</entry>
<entry key="x">1</entry>
<entry key="spielerstart">0</entry>
<entry key="istWasserfeld">false</entry>
</properties>
<properties>
<entry key="id">0</entry>
<entry key="feldArt">Wiese</entry>
<entry key="bewegungspunkte">50</entry>
<entry key="y">10</entry>
<entry key="klasse">D_Feld</entry>
<entry key="ressource"/>
<entry key="idKarte">1</entry>
<entry key="x">1</entry>
<entry key="spielerstart">0</entry>
<entry key="istWasserfeld">false</entry>
</properties>
<properties>
<entry key="id">0</entry>
<entry key="feldArt">Kueste</entry>
<entry key="bewegungspunkte">50</entry>
<entry key="y">1</entry>
<entry key="klasse">D_Feld</entry>
<entry key="ressource"/>
<entry key="idKarte">1</entry>
<entry key="x">2</entry>
<entry key="spielerstart">0</entry>
<entry key="istWasserfeld">true</entry>
</properties>
<properties>
<entry key="id">0</entry>
<entry key="feldArt">Kueste</entry>
<entry key="bewegungspunkte">50</entry>
<entry key="y">2</entry>
<entry key="klasse">D_Feld</entry>
<entry key="ressource"/>
<entry key="idKarte">1</entry>
<entry key="x">2</entry>
<entry key="spielerstart">0</entry>
<entry key="istWasserfeld">true</entry>
</properties>
<properties>
<entry key="id">0</entry>
<entry key="feldArt">Kueste</entry>
<entry key="bewegungspunkte">50</entry>
<entry key="y">3</entry>
<entry key="klasse">D_Feld</entry>
<entry key="ressource"/>
<entry key="idKarte">1</entry>
<entry key="x">2</entry>
<entry key="spielerstart">0</entry>
<entry key="istWasserfeld">true</entry>
</properties>
<properties>
<entry key="id">0</entry>
<entry key="feldArt">Kueste</entry>
<entry key="bewegungspunkte">50</entry>
<entry key="y">4</entry>
<entry key="klasse">D_Feld</entry>
<entry key="ressource"/>
<entry key="idKarte">1</entry>
<entry key="x">2</entry>
<entry key="spielerstart">0</entry>
<entry key="istWasserfeld">true</entry>
</properties>
<properties>
<entry key="id">0</entry>
<entry key="feldArt">Kueste</entry>
<entry key="bewegungspunkte">50</entry>
<entry key="y">5</entry>
<entry key="klasse">D_Feld</entry>
<entry key="ressource"/>
<entry key="idKarte">1</entry>
<entry key="x">2</entry>
<entry key="spielerstart">0</entry>
<entry key="istWasserfeld">true</entry>
</properties>
<properties>
<entry key="id">0</entry>
<entry key="feldArt">Wiese</entry>
<entry key="bewegungspunkte">50</entry>
<entry key="y">6</entry>
<entry key="klasse">D_Feld</entry>
<entry key="ressource"/>
<entry key="idKarte">1</entry>
<entry key="x">2</entry>
<entry key="spielerstart">1</entry>
<entry key="istWasserfeld">false</entry>
</properties>
<properties>
<entry key="id">0</entry>
<entry key="feldArt">Wiese</entry>
<entry key="bewegungspunkte">50</entry>
<entry key="y">7</entry>
<entry key="klasse">D_Feld</entry>
<entry key="ressource"/>
<entry key="idKarte">1</entry>
<entry key="x">2</entry>
<entry key="spielerstart">0</entry>
<entry key="istWasserfeld">false</entry>
</properties>
<properties>
<entry key="id">0</entry>
<entry key="feldArt">Wiese</entry>
<entry key="bewegungspunkte">50</entry>
<entry key="y">8</entry>
<entry key="klasse">D_Feld</entry>
<entry key="ressource"/>
<entry key="idKarte">1</entry>
<entry key="x">2</entry>
<entry key="spielerstart">0</entry>
<entry key="istWasserfeld">false</entry>
</properties>
<properties>
<entry key="id">0</entry>
<entry key="feldArt">Wiese</entry>
<entry key="bewegungspunkte">50</entry>
<entry key="y">9</entry>
<entry key="klasse">D_Feld</entry>
<entry key="ressource"/>
<entry key="idKarte">1</entry>
<entry key="x">2</entry>
<entry key="spielerstart">0</entry>
<entry key="istWasserfeld">false</entry>
</properties>
<properties>
<entry key="id">0</entry>
<entry key="feldArt">Wiese</entry>
<entry key="bewegungspunkte">50</entry>
<entry key="y">10</entry>
<entry key="klasse">D_Feld</entry>
<entry key="ressource"/>
<entry key="idKarte">1</entry>
<entry key="x">2</entry>
<entry key="spielerstart">0</entry>
<entry key="istWasserfeld">false</entry>
</properties>
<properties>
<entry key="id">0</entry>
<entry key="feldArt">Wiese</entry>
<entry key="bewegungspunkte">50</entry>
<entry key="y">1</entry>
<entry key="klasse">D_Feld</entry>
<entry key="ressource"/>
<entry key="idKarte">1</entry>
<entry key="x">3</entry>
<entry key="spielerstart">0</entry>
<entry key="istWasserfeld">false</entry>
</properties>
<properties>
<entry key="id">0</entry>
<entry key="feldArt">Berg</entry>
<entry key="bewegungspunkte">100</entry>
<entry key="y">2</entry>
<entry key="klasse">D_Feld</entry>
<entry key="ressource"/>
<entry key="idKarte">1</entry>
<entry key="x">3</entry>
<entry key="spielerstart">0</entry>
<entry key="istWasserfeld">false</entry>
</properties>
<properties>
<entry key="id">0</entry>
<entry key="feldArt">Wiese</entry>
<entry key="bewegungspunkte">50</entry>
<entry key="y">3</entry>
<entry key="klasse">D_Feld</entry>
<entry key="ressource"/>
<entry key="idKarte">1</entry>
<entry key="x">3</entry>
<entry key="spielerstart">0</entry>
<entry key="istWasserfeld">false</entry>
</properties>
<properties>
<entry key="id">0</entry>
<entry key="feldArt">Wiese</entry>
<entry key="bewegungspunkte">50</entry>
<entry key="y">4</entry>
<entry key="klasse">D_Feld</entry>
<entry key="ressource"/>
<entry key="idKarte">1</entry>
<entry key="x">3</entry>
<entry key="spielerstart">0</entry>
<entry key="istWasserfeld">false</entry>
</properties>
<properties>
<entry key="id">0</entry>
<entry key="feldArt">Wiese</entry>
<entry key="bewegungspunkte">50</entry>
<entry key="y">5</entry>
<entry key="klasse">D_Feld</entry>
<entry key="ressource"/>
<entry key="idKarte">1</entry>
<entry key="x">3</entry>
<entry key="spielerstart">0</entry>
<entry key="istWasserfeld">false</entry>
</properties>
<properties>
<entry key="id">0</entry>
<entry key="feldArt">Wiese</entry>
<entry key="bewegungspunkte">50</entry>
<entry key="y">6</entry>
<entry key="klasse">D_Feld</entry>
<entry key="ressource"/>
<entry key="idKarte">1</entry>
<entry key="x">3</entry>
<entry key="spielerstart">0</entry>
<entry key="istWasserfeld">false</entry>
</properties>
<properties>
<entry key="id">0</entry>
<entry key="feldArt">Wiese</entry>
<entry key="bewegungspunkte">50</entry>
<entry key="y">7</entry>
<entry key="klasse">D_Feld</entry>
<entry key="ressource"/>
<entry key="idKarte">1</entry>
<entry key="x">3</entry>
<entry key="spielerstart">0</entry>
<entry key="istWasserfeld">false</entry>
</properties>
<properties>
<entry key="id">0</entry>
<entry key="feldArt">Wiese</entry>
<entry key="bewegungspunkte">50</entry>
<entry key="y">8</entry>
<entry key="klasse">D_Feld</entry>
<entry key="ressource"/>
<entry key="idKarte">1</entry>
<entry key="x">3</entry>
<entry key="spielerstart">0</entry>
<entry key="istWasserfeld">false</entry>
</properties>
<properties>
<entry key="id">0</entry>
<entry key="feldArt">Wiese</entry>
<entry key="bewegungspunkte">50</entry>
<entry key="y">9</entry>
<entry key="klasse">D_Feld</entry>
<entry key="ressource"/>
<entry key="idKarte">1</entry>
<entry key="x">3</entry>
<entry key="spielerstart">0</entry>
<entry key="istWasserfeld">false</entry>
</properties>
<properties>
<entry key="id">0</entry>
<entry key="feldArt">Wiese</entry>
<entry key="bewegungspunkte">50</entry>
<entry key="y">10</entry>
<entry key="klasse">D_Feld</entry>
<entry key="ressource"/>
<entry key="idKarte">1</entry>
<entry key="x">3</entry>
<entry key="spielerstart">0</entry>
<entry key="istWasserfeld">false</entry>
</properties>
<properties>
<entry key="id">0</entry>
<entry key="feldArt">Wiese</entry>
<entry key="bewegungspunkte">50</entry>
<entry key="y">1</entry>
<entry key="klasse">D_Feld</entry>
<entry key="ressource"/>
<entry key="idKarte">1</entry>
<entry key="x">4</entry>
<entry key="spielerstart">0</entry>
<entry key="istWasserfeld">false</entry>
</properties>
<properties>
<entry key="id">0</entry>
<entry key="feldArt">Berg</entry>
<entry key="bewegungspunkte">100</entry>
<entry key="y">2</entry>
<entry key="klasse">D_Feld</entry>
<entry key="ressource"/>
<entry key="idKarte">1</entry>
<entry key="x">4</entry>
<entry key="spielerstart">0</entry>
<entry key="istWasserfeld">false</entry>
</properties>
<properties>
<entry key="id">0</entry>
<entry key="feldArt">Berg</entry>
<entry key="bewegungspunkte">100</entry>
<entry key="y">3</entry>
<entry key="klasse">D_Feld</entry>
<entry key="ressource"/>
<entry key="idKarte">1</entry>
<entry key="x">4</entry>
<entry key="spielerstart">0</entry>
<entry key="istWasserfeld">false</entry>
</properties>
<properties>
<entry key="id">0</entry>
<entry key="feldArt">Berg</entry>
<entry key="bewegungspunkte">100</entry>
<entry key="y">4</entry>
<entry key="klasse">D_Feld</entry>
<entry key="ressource"/>
<entry key="idKarte">1</entry>
<entry key="x">4</entry>
<entry key="spielerstart">0</entry>
<entry key="istWasserfeld">false</entry>
</properties>
<properties>
<entry key="id">0</entry>
<entry key="feldArt">Wiese</entry>
<entry key="bewegungspunkte">50</entry>
<entry key="y">5</entry>
<entry key="klasse">D_Feld</entry>
<entry key="ressource"/>
<entry key="idKarte">1</entry>
<entry key="x">4</entry>
<entry key="spielerstart">0</entry>
<entry key="istWasserfeld">false</entry>
</properties>
<properties>
<entry key="id">0</entry>
<entry key="feldArt">Wiese</entry>
<entry key="bewegungspunkte">50</entry>
<entry key="y">6</entry>
<entry key="klasse">D_Feld</entry>
<entry key="ressource"/>
<entry key="idKarte">1</entry>
<entry key="x">4</entry>
<entry key="spielerstart">0</entry>
<entry key="istWasserfeld">false</entry>
</properties>
<properties>
<entry key="id">0</entry>
<entry key="feldArt">Wueste</entry>
<entry key="bewegungspunkte">100</entry>
<entry key="y">7</entry>
<entry key="klasse">D_Feld</entry>
<entry key="ressource"/>
<entry key="idKarte">1</entry>
<entry key="x">4</entry>
<entry key="spielerstart">0</entry>
<entry key="istWasserfeld">false</entry>
</properties>
<properties>
<entry key="id">0</entry>
<entry key="feldArt">Wueste</entry>
<entry key="bewegungspunkte">100</entry>
<entry key="y">8</entry>
<entry key="klasse">D_Feld</entry>
<entry key="ressource"/>
<entry key="idKarte">1</entry>
<entry key="x">4</entry>
<entry key="spielerstart">0</entry>
<entry key="istWasserfeld">false</entry>
</properties>
<properties>
<entry key="id">0</entry>
<entry key="feldArt">Wiese</entry>
<entry key="bewegungspunkte">50</entry>
<entry key="y">9</entry>
<entry key="klasse">D_Feld</entry>
<entry key="ressource"/>
<entry key="idKarte">1</entry>
<entry key="x">4</entry>
<entry key="spielerstart">0</entry>
<entry key="istWasserfeld">false</entry>
</properties>
<properties>
<entry key="id">0</entry>
<entry key="feldArt">Wiese</entry>
<entry key="bewegungspunkte">50</entry>
<entry key="y">10</entry>
<entry key="klasse">D_Feld</entry>
<entry key="ressource"/>
<entry key="idKarte">1</entry>
<entry key="x">4</entry>
<entry key="spielerstart">0</entry>
<entry key="istWasserfeld">false</entry>
</properties>
<properties>
<entry key="id">0</entry>
<entry key="feldArt">Wiese</entry>
<entry key="bewegungspunkte">50</entry>
<entry key="y">1</entry>
<entry key="klasse">D_Feld</entry>
<entry key="ressource"/>
<entry key="idKarte">1</entry>
<entry key="x">5</entry>
<entry key="spielerstart">0</entry>
<entry key="istWasserfeld">false</entry>
</properties>
<properties>
<entry key="id">0</entry>
<entry key="feldArt">Berg</entry>
<entry key="bewegungspunkte">100</entry>
<entry key="y">2</entry>
<entry key="klasse">D_Feld</entry>
<entry key="ressource"/>
<entry key="idKarte">1</entry>
<entry key="x">5</entry>
<entry key="spielerstart">0</entry>
<entry key="istWasserfeld">false</entry>
</properties>
<properties>
<entry key="id">0</entry>
<entry key="feldArt">Berg</entry>
<entry key="bewegungspunkte">100</entry>
<entry key="y">3</entry>
<entry key="klasse">D_Feld</entry>
<entry key="ressource"/>
<entry key="idKarte">1</entry>
<entry key="x">5</entry>
<entry key="spielerstart">0</entry>
<entry key="istWasserfeld">false</entry>
</properties>
<properties>
<entry key="id">0</entry>
<entry key="feldArt">Berg</entry>
<entry key="bewegungspunkte">100</entry>
<entry key="y">4</entry>
<entry key="klasse">D_Feld</entry>
<entry key="ressource"/>
<entry key="idKarte">1</entry>
<entry key="x">5</entry>
<entry key="spielerstart">0</entry>
<entry key="istWasserfeld">false</entry>
</properties>
<properties>
<entry key="id">0</entry>
<entry key="feldArt">Wiese</entry>
<entry key="bewegungspunkte">50</entry>
<entry key="y">5</entry>
<entry key="klasse">D_Feld</entry>
<entry key="ressource"/>
<entry key="idKarte">1</entry>
<entry key="x">5</entry>
<entry key="spielerstart">0</entry>
<entry key="istWasserfeld">false</entry>
</properties>
<properties>
<entry key="id">0</entry>
<entry key="feldArt">Wiese</entry>
<entry key="bewegungspunkte">50</entry>
<entry key="y">6</entry>
<entry key="klasse">D_Feld</entry>
<entry key="ressource"/>
<entry key="idKarte">1</entry>
<entry key="x">5</entry>
<entry key="spielerstart">0</entry>
<entry key="istWasserfeld">false</entry>
</properties>
<properties>
<entry key="id">0</entry>
<entry key="feldArt">Steppe</entry>
<entry key="bewegungspunkte">50</entry>
<entry key="y">7</entry>
<entry key="klasse">D_Feld</entry>
<entry key="ressource"/>
<entry key="idKarte">1</entry>
<entry key="x">5</entry>
<entry key="spielerstart">0</entry>
<entry key="istWasserfeld">false</entry>
</properties>
<properties>
<entry key="id">0</entry>
<entry key="feldArt">Wueste</entry>
<entry key="bewegungspunkte">100</entry>
<entry key="y">8</entry>
<entry key="klasse">D_Feld</entry>
<entry key="ressource"/>
<entry key="idKarte">1</entry>
<entry key="x">5</entry>
<entry key="spielerstart">0</entry>
<entry key="istWasserfeld">false</entry>
</properties>
<properties>
<entry key="id">0</entry>
<entry key="feldArt">Wiese</entry>
<entry key="bewegungspunkte">50</entry>
<entry key="y">9</entry>
<entry key="klasse">D_Feld</entry>
<entry key="ressource"/>
<entry key="idKarte">1</entry>
<entry key="x">5</entry>
<entry key="spielerstart">0</entry>
<entry key="istWasserfeld">false</entry>
</properties>
<properties>
<entry key="id">0</entry>
<entry key="feldArt">Wiese</entry>
<entry key="bewegungspunkte">50</entry>
<entry key="y">10</entry>
<entry key="klasse">D_Feld</entry>
<entry key="ressource"/>
<entry key="idKarte">1</entry>
<entry key="x">5</entry>
<entry key="spielerstart">0</entry>
<entry key="istWasserfeld">false</entry>
</properties>
<properties>
<entry key="id">0</entry>
<entry key="feldArt">Wiese</entry>
<entry key="bewegungspunkte">50</entry>
<entry key="y">1</entry>
<entry key="klasse">D_Feld</entry>
<entry key="ressource"/>
<entry key="idKarte">1</entry>
<entry key="x">6</entry>
<entry key="spielerstart">0</entry>
<entry key="istWasserfeld">false</entry>
</properties>
<properties>
<entry key="id">0</entry>
<entry key="feldArt">Wiese</entry>
<entry key="bewegungspunkte">50</entry>
<entry key="y">2</entry>
<entry key="klasse">D_Feld</entry>
<entry key="ressource"/>
<entry key="idKarte">1</entry>
<entry key="x">6</entry>
<entry key="spielerstart">0</entry>
<entry key="istWasserfeld">false</entry>
</properties>
<properties>
<entry key="id">0</entry>
<entry key="feldArt">Berg</entry>
<entry key="bewegungspunkte">100</entry>
<entry key="y">3</entry>
<entry key="klasse">D_Feld</entry>
<entry key="ressource"/>
<entry key="idKarte">1</entry>
<entry key="x">6</entry>
<entry key="spielerstart">0</entry>
<entry key="istWasserfeld">false</entry>
</properties>
<properties>
<entry key="id">0</entry>
<entry key="feldArt">Berg</entry>
<entry key="bewegungspunkte">100</entry>
<entry key="y">4</entry>
<entry key="klasse">D_Feld</entry>
<entry key="ressource"/>
<entry key="idKarte">1</entry>
<entry key="x">6</entry>
<entry key="spielerstart">0</entry>
<entry key="istWasserfeld">false</entry>
</properties>
<properties>
<entry key="id">0</entry>
<entry key="feldArt">Wiese</entry>
<entry key="bewegungspunkte">50</entry>
<entry key="y">5</entry>
<entry key="klasse">D_Feld</entry>
<entry key="ressource"/>
<entry key="idKarte">1</entry>
<entry key="x">6</entry>
<entry key="spielerstart">0</entry>
<entry key="istWasserfeld">false</entry>
</properties>
<properties>
<entry key="id">0</entry>
<entry key="feldArt">Wiese</entry>
<entry key="bewegungspunkte">50</entry>
<entry key="y">6</entry>
<entry key="klasse">D_Feld</entry>
<entry key="ressource"/>
<entry key="idKarte">1</entry>
<entry key="x">6</entry>
<entry key="spielerstart">0</entry>
<entry key="istWasserfeld">false</entry>
</properties>
<properties>
<entry key="id">0</entry>
<entry key="feldArt">Steppe</entry>
<entry key="bewegungspunkte">50</entry>
<entry key="y">7</entry>
<entry key="klasse">D_Feld</entry>
<entry key="ressource"/>
<entry key="idKarte">1</entry>
<entry key="x">6</entry>
<entry key="spielerstart">0</entry>
<entry key="istWasserfeld">false</entry>
</properties>
<properties>
<entry key="id">0</entry>
<entry key="feldArt">Steppe</entry>
<entry key="bewegungspunkte">50</entry>
<entry key="y">8</entry>
<entry key="klasse">D_Feld</entry>
<entry key="ressource"/>
<entry key="idKarte">1</entry>
<entry key="x">6</entry>
<entry key="spielerstart">0</entry>
<entry key="istWasserfeld">false</entry>
</properties>
<properties>
<entry key="id">0</entry>
<entry key="feldArt">Wiese</entry>
<entry key="bewegungspunkte">50</entry>
<entry key="y">9</entry>
<entry key="klasse">D_Feld</entry>
<entry key="ressource"/>
<entry key="idKarte">1</entry>
<entry key="x">6</entry>
<entry key="spielerstart">0</entry>
<entry key="istWasserfeld">false</entry>
</properties>
<properties>
<entry key="id">0</entry>
<entry key="feldArt">Wiese</entry>
<entry key="bewegungspunkte">50</entry>
<entry key="y">10</entry>
<entry key="klasse">D_Feld</entry>
<entry key="ressource"/>
<entry key="idKarte">1</entry>
<entry key="x">6</entry>
<entry key="spielerstart">0</entry>
<entry key="istWasserfeld">false</entry>
</properties>
<properties>
<entry key="id">0</entry>
<entry key="feldArt">Wiese</entry>
<entry key="bewegungspunkte">50</entry>
<entry key="y">1</entry>
<entry key="klasse">D_Feld</entry>
<entry key="ressource"/>
<entry key="idKarte">1</entry>
<entry key="x">7</entry>
<entry key="spielerstart">0</entry>
<entry key="istWasserfeld">false</entry>
</properties>
<properties>
<entry key="id">0</entry>
<entry key="feldArt">Wiese</entry>
<entry key="bewegungspunkte">50</entry>
<entry key="y">2</entry>
<entry key="klasse">D_Feld</entry>
<entry key="ressource"/>
<entry key="idKarte">1</entry>
<entry key="x">7</entry>
<entry key="spielerstart">2</entry>
<entry key="istWasserfeld">false</entry>
</properties>
<properties>
<entry key="id">0</entry>
<entry key="feldArt">Huegel</entry>
<entry key="bewegungspunkte">80</entry>
<entry key="y">3</entry>
<entry key="klasse">D_Feld</entry>
<entry key="ressource"/>
<entry key="idKarte">1</entry>
<entry key="x">7</entry>
<entry key="spielerstart">0</entry>
<entry key="istWasserfeld">false</entry>
</properties>
<properties>
<entry key="id">0</entry>
<entry key="feldArt">Huegel</entry>
<entry key="bewegungspunkte">80</entry>
<entry key="y">4</entry>
<entry key="klasse">D_Feld</entry>
<entry key="ressource"/>
<entry key="idKarte">1</entry>
<entry key="x">7</entry>
<entry key="spielerstart">0</entry>
<entry key="istWasserfeld">false</entry>
</properties>
<properties>
<entry key="id">0</entry>
<entry key="feldArt">Huegel</entry>
<entry key="bewegungspunkte">80</entry>
<entry key="y">5</entry>
<entry key="klasse">D_Feld</entry>
<entry key="ressource"/>
<entry key="idKarte">1</entry>
<entry key="x">7</entry>
<entry key="spielerstart">0</entry>
<entry key="istWasserfeld">false</entry>
</properties>
<properties>
<entry key="id">0</entry>
<entry key="feldArt">Wiese</entry>
<entry key="bewegungspunkte">50</entry>
<entry key="y">6</entry>
<entry key="klasse">D_Feld</entry>
<entry key="ressource"/>
<entry key="idKarte">1</entry>
<entry key="x">7</entry>
<entry key="spielerstart">0</entry>
<entry key="istWasserfeld">false</entry>
</properties>
<properties>
<entry key="id">0</entry>
<entry key="feldArt">Steppe</entry>
<entry key="bewegungspunkte">50</entry>
<entry key="y">7</entry>
<entry key="klasse">D_Feld</entry>
<entry key="ressource"/>
<entry key="idKarte">1</entry>
<entry key="x">7</entry>
<entry key="spielerstart">0</entry>
<entry key="istWasserfeld">false</entry>
</properties>
<properties>
<entry key="id">0</entry>
<entry key="feldArt">Wiese</entry>
<entry key="bewegungspunkte">50</entry>
<entry key="y">8</entry>
<entry key="klasse">D_Feld</entry>
<entry key="ressource"/>
<entry key="idKarte">1</entry>
<entry key="x">7</entry>
<entry key="spielerstart">0</entry>
<entry key="istWasserfeld">false</entry>
</properties>
<properties>
<entry key="id">0</entry>
<entry key="feldArt">Wiese</entry>
<entry key="bewegungspunkte">50</entry>
<entry key="y">9</entry>
<entry key="klasse">D_Feld</entry>
<entry key="ressource"/>
<entry key="idKarte">1</entry>
<entry key="x">7</entry>
<entry key="spielerstart">0</entry>
<entry key="istWasserfeld">false</entry>
</properties>
<properties>
<entry key="id">0</entry>
<entry key="feldArt">Wiese</entry>
<entry key="bewegungspunkte">50</entry>
<entry key="y">10</entry>
<entry key="klasse">D_Feld</entry>
<entry key="ressource"/>
<entry key="idKarte">1</entry>
<entry key="x">7</entry>
<entry key="spielerstart">0</entry>
<entry key="istWasserfeld">false</entry>
</properties>
<properties>
<entry key="id">0</entry>
<entry key="feldArt">Wiese</entry>
<entry key="bewegungspunkte">50</entry>
<entry key="y">1</entry>
<entry key="klasse">D_Feld</entry>
<entry key="ressource"/>
<entry key="idKarte">1</entry>
<entry key="x">8</entry>
<entry key="spielerstart">0</entry>
<entry key="istWasserfeld">false</entry>
</properties>
<properties>
<entry key="id">0</entry>
<entry key="feldArt">Wiese</entry>
<entry key="bewegungspunkte">50</entry>
<entry key="y">2</entry>
<entry key="klasse">D_Feld</entry>
<entry key="ressource"/>
<entry key="idKarte">1</entry>
<entry key="x">8</entry>
<entry key="spielerstart">0</entry>
<entry key="istWasserfeld">false</entry>
</properties>
<properties>
<entry key="id">0</entry>
<entry key="feldArt">Wiese</entry>
<entry key="bewegungspunkte">50</entry>
<entry key="y">3</entry>
<entry key="klasse">D_Feld</entry>
<entry key="ressource"/>
<entry key="idKarte">1</entry>
<entry key="x">8</entry>
<entry key="spielerstart">0</entry>
<entry key="istWasserfeld">false</entry>
</properties>
<properties>
<entry key="id">0</entry>
<entry key="feldArt">Wiese</entry>
<entry key="bewegungspunkte">50</entry>
<entry key="y">4</entry>
<entry key="klasse">D_Feld</entry>
<entry key="ressource"/>
<entry key="idKarte">1</entry>
<entry key="x">8</entry>
<entry key="spielerstart">0</entry>
<entry key="istWasserfeld">false</entry>
</properties>
<properties>
<entry key="id">0</entry>
<entry key="feldArt">Wiese</entry>
<entry key="bewegungspunkte">50</entry>
<entry key="y">5</entry>
<entry key="klasse">D_Feld</entry>
<entry key="ressource"/>
<entry key="idKarte">1</entry>
<entry key="x">8</entry>
<entry key="spielerstart">0</entry>
<entry key="istWasserfeld">false</entry>
</properties>
<properties>
<entry key="id">0</entry>
<entry key="feldArt">Wiese</entry>
<entry key="bewegungspunkte">50</entry>
<entry key="y">6</entry>
<entry key="klasse">D_Feld</entry>
<entry key="ressource"/>
<entry key="idKarte">1</entry>
<entry key="x">8</entry>
<entry key="spielerstart">0</entry>
<entry key="istWasserfeld">false</entry>
</properties>
<properties>
<entry key="id">0</entry>
<entry key="feldArt">Wiese</entry>
<entry key="bewegungspunkte">50</entry>
<entry key="y">7</entry>
<entry key="klasse">D_Feld</entry>
<entry key="ressource"/>
<entry key="idKarte">1</entry>
<entry key="x">8</entry>
<entry key="spielerstart">0</entry>
<entry key="istWasserfeld">false</entry>
</properties>
<properties>
<entry key="id">0</entry>
<entry key="feldArt">Wiese</entry>
<entry key="bewegungspunkte">50</entry>
<entry key="y">8</entry>
<entry key="klasse">D_Feld</entry>
<entry key="ressource"/>
<entry key="idKarte">1</entry>
<entry key="x">8</entry>
<entry key="spielerstart">0</entry>
<entry key="istWasserfeld">false</entry>
</properties>
<properties>
<entry key="id">0</entry>
<entry key="feldArt">Wiese</entry>
<entry key="bewegungspunkte">50</entry>
<entry key="y">9</entry>
<entry key="klasse">D_Feld</entry>
<entry key="ressource"/>
<entry key="idKarte">1</entry>
<entry key="x">8</entry>
<entry key="spielerstart">0</entry>
<entry key="istWasserfeld">false</entry>
</properties>
<properties>
<entry key="id">0</entry>
<entry key="feldArt">Wiese</entry>
<entry key="bewegungspunkte">50</entry>
<entry key="y">10</entry>
<entry key="klasse">D_Feld</entry>
<entry key="ressource"/>
<entry key="idKarte">1</entry>
<entry key="x">8</entry>
<entry key="spielerstart">0</entry>
<entry key="istWasserfeld">false</entry>
</properties>
<properties>
<entry key="id">0</entry>
<entry key="feldArt">Wiese</entry>
<entry key="bewegungspunkte">50</entry>
<entry key="y">1</entry>
<entry key="klasse">D_Feld</entry>
<entry key="ressource"/>
<entry key="idKarte">1</entry>
<entry key="x">9</entry>
<entry key="spielerstart">0</entry>
<entry key="istWasserfeld">false</entry>
</properties>
<properties>
<entry key="id">0</entry>
<entry key="feldArt">Wiese</entry>
<entry key="bewegungspunkte">50</entry>
<entry key="y">2</entry>
<entry key="klasse">D_Feld</entry>
<entry key="ressource"/>
<entry key="idKarte">1</entry>
<entry key="x">9</entry>
<entry key="spielerstart">0</entry>
<entry key="istWasserfeld">false</entry>
</properties>
<properties>
<entry key="id">0</entry>
<entry key="feldArt">Wiese</entry>
<entry key="bewegungspunkte">50</entry>
<entry key="y">3</entry>
<entry key="klasse">D_Feld</entry>
<entry key="ressource"/>
<entry key="idKarte">1</entry>
<entry key="x">9</entry>
<entry key="spielerstart">0</entry>
<entry key="istWasserfeld">false</entry>
</properties>
<properties>
<entry key="id">0</entry>
<entry key="feldArt">Wiese</entry>
<entry key="bewegungspunkte">50</entry>
<entry key="y">4</entry>
<entry key="klasse">D_Feld</entry>
<entry key="ressource"/>
<entry key="idKarte">1</entry>
<entry key="x">9</entry>
<entry key="spielerstart">0</entry>
<entry key="istWasserfeld">false</entry>
</properties>
<properties>
<entry key="id">0</entry>
<entry key="feldArt">Wiese</entry>
<entry key="bewegungspunkte">50</entry>
<entry key="y">5</entry>
<entry key="klasse">D_Feld</entry>
<entry key="ressource"/>
<entry key="idKarte">1</entry>
<entry key="x">9</entry>
<entry key="spielerstart">0</entry>
<entry key="istWasserfeld">false</entry>
</properties>
<properties>
<entry key="id">0</entry>
<entry key="feldArt">Wiese</entry>
<entry key="bewegungspunkte">50</entry>
<entry key="y">6</entry>
<entry key="klasse">D_Feld</entry>
<entry key="ressource"/>
<entry key="idKarte">1</entry>
<entry key="x">9</entry>
<entry key="spielerstart">0</entry>
<entry key="istWasserfeld">false</entry>
</properties>
<properties>
<entry key="id">0</entry>
<entry key="feldArt">Wiese</entry>
<entry key="bewegungspunkte">50</entry>
<entry key="y">7</entry>
<entry key="klasse">D_Feld</entry>
<entry key="ressource"/>
<entry key="idKarte">1</entry>
<entry key="x">9</entry>
<entry key="spielerstart">0</entry>
<entry key="istWasserfeld">false</entry>
</properties>
<properties>
<entry key="id">0</entry>
<entry key="feldArt">Wiese</entry>
<entry key="bewegungspunkte">50</entry>
<entry key="y">8</entry>
<entry key="klasse">D_Feld</entry>
<entry key="ressource"/>
<entry key="idKarte">1</entry>
<entry key="x">9</entry>
<entry key="spielerstart">0</entry>
<entry key="istWasserfeld">false</entry>
</properties>
<properties>
<entry key="id">0</entry>
<entry key="feldArt">Wiese</entry>
<entry key="bewegungspunkte">50</entry>
<entry key="y">9</entry>
<entry key="klasse">D_Feld</entry>
<entry key="ressource"/>
<entry key="idKarte">1</entry>
<entry key="x">9</entry>
<entry key="spielerstart">0</entry>
<entry key="istWasserfeld">false</entry>
</properties>
<properties>
<entry key="id">0</entry>
<entry key="feldArt">Wiese</entry>
<entry key="bewegungspunkte">50</entry>
<entry key="y">10</entry>
<entry key="klasse">D_Feld</entry>
<entry key="ressource"/>
<entry key="idKarte">1</entry>
<entry key="x">9</entry>
<entry key="spielerstart">0</entry>
<entry key="istWasserfeld">false</entry>
</properties>
<properties>
<entry key="id">0</entry>
<entry key="feldArt">Wiese</entry>
<entry key="bewegungspunkte">50</entry>
<entry key="y">1</entry>
<entry key="klasse">D_Feld</entry>
<entry key="ressource"/>
<entry key="idKarte">1</entry>
<entry key="x">10</entry>
<entry key="spielerstart">0</entry>
<entry key="istWasserfeld">false</entry>
</properties>
<properties>
<entry key="id">0</entry>
<entry key="feldArt">Wiese</entry>
<entry key="bewegungspunkte">50</entry>
<entry key="y">2</entry>
<entry key="klasse">D_Feld</entry>
<entry key="ressource"/>
<entry key="idKarte">1</entry>
<entry key="x">10</entry>
<entry key="spielerstart">0</entry>
<entry key="istWasserfeld">false</entry>
</properties>
<properties>
<entry key="id">0</entry>
<entry key="feldArt">Wiese</entry>
<entry key="bewegungspunkte">50</entry>
<entry key="y">3</entry>
<entry key="klasse">D_Feld</entry>
<entry key="ressource"/>
<entry key="idKarte">1</entry>
<entry key="x">10</entry>
<entry key="spielerstart">0</entry>
<entry key="istWasserfeld">false</entry>
</properties>
<properties>
<entry key="id">0</entry>
<entry key="feldArt">Wiese</entry>
<entry key="bewegungspunkte">50</entry>
<entry key="y">4</entry>
<entry key="klasse">D_Feld</entry>
<entry key="ressource"/>
<entry key="idKarte">1</entry>
<entry key="x">10</entry>
<entry key="spielerstart">0</entry>
<entry key="istWasserfeld">false</entry>
</properties>
<properties>
<entry key="id">0</entry>
<entry key="feldArt">Wiese</entry>
<entry key="bewegungspunkte">50</entry>
<entry key="y">5</entry>
<entry key="klasse">D_Feld</entry>
<entry key="ressource"/>
<entry key="idKarte">1</entry>
<entry key="x">10</entry>
<entry key="spielerstart">0</entry>
<entry key="istWasserfeld">false</entry>
</properties>
<properties>
<entry key="id">0</entry>
<entry key="feldArt">Wiese</entry>
<entry key="bewegungspunkte">50</entry>
<entry key="y">6</entry>
<entry key="klasse">D_Feld</entry>
<entry key="ressource"/>
<entry key="idKarte">1</entry>
<entry key="x">10</entry>
<entry key="spielerstart">0</entry>
<entry key="istWasserfeld">false</entry>
</properties>
<properties>
<entry key="id">0</entry>
<entry key="feldArt">Wiese</entry>
<entry key="bewegungspunkte">50</entry>
<entry key="y">7</entry>
<entry key="klasse">D_Feld</entry>
<entry key="ressource"/>
<entry key="idKarte">1</entry>
<entry key="x">10</entry>
<entry key="spielerstart">0</entry>
<entry key="istWasserfeld">false</entry>
</properties>
<properties>
<entry key="id">0</entry>
<entry key="feldArt">Wiese</entry>
<entry key="bewegungspunkte">50</entry>
<entry key="y">8</entry>
<entry key="klasse">D_Feld</entry>
<entry key="ressource"/>
<entry key="idKarte">1</entry>
<entry key="x">10</entry>
<entry key="spielerstart">0</entry>
<entry key="istWasserfeld">false</entry>
</properties>
<properties>
<entry key="id">0</entry>
<entry key="feldArt">Wiese</entry>
<entry key="bewegungspunkte">50</entry>
<entry key="y">9</entry>
<entry key="klasse">D_Feld</entry>
<entry key="ressource"/>
<entry key="idKarte">1</entry>
<entry key="x">10</entry>
<entry key="spielerstart">0</entry>
<entry key="istWasserfeld">false</entry>
</properties>
<properties>
<entry key="id">0</entry>
<entry key="feldArt">Wiese</entry>
<entry key="bewegungspunkte">50</entry>
<entry key="y">10</entry>
<entry key="klasse">D_Feld</entry>
<entry key="ressource"/>
<entry key="idKarte">1</entry>
<entry key="x">10</entry>
<entry key="spielerstart">0</entry>
<entry key="istWasserfeld">false</entry>
</properties>
</propertiesarray>

